[salmon-learn-nw.gungee.jp/index.html]
[backblue.gif]
[fade.gif]
[index.html]
[salmon-learn-nw.gungee.jp/assets/img/favicon.png]
[salmon-learn-nw.gungee.jp/assets/img/favicon.ico]
[salmon-learn-nw.gungee.jp/manifestb685.json]
[salmon-learn-nw.gungee.jp/swb685.js]
[cdn.jsdelivr.net/npm/bootstrap@5.0.2/dist/css/bootstrap.min.css]
[cdn.jsdelivr.net/npm/bootstrap@5.0.2/dist/js/bootstrap.bundle.min.js]
[salmon-learn-nw.gungee.jp/assets/css/global40b3.css]
[salmon-learn-nw.gungee.jp/assets/img/anim_bigshot/Body.png]
[salmon-learn-nw.gungee.jp/maplist/index.html]
[salmon-learn-nw.gungee.jp/link/index.html]
[salmon-learn-nw.gungee.jp/assets/img/anim_bigshot/Gungee.png]
[salmon-learn-nw.gungee.jp/assets/img/anim_bigshot/Hire.png]
[twitter.com/GungeeSpla.a.delayed]
[salmon-learn-nw.gungee.jp/index.html]
[cdn.jsdelivr.net/npm/bootstrap@5.0.2/dist/css/bootstrap.min.css]
[salmon-learn-nw.gungee.jp/assets/img/map/tide-button.png]
[salmon-learn-nw.gungee.jp/assets/img/anim_bigshot/Ase.png]
[salmon-learn-nw.gungee.jp/assets/img/anim_bigshot/Dot.png]
[salmon-learn-nw.gungee.jp/assets/img/other/chevron-right.svg]
[salmon-learn-nw.gungee.jp/assets/css/global40b3.css]
[salmon-learn-nw.gungee.jp/assets/img/stage/small/Shakespiral.jpg]
[salmon-learn-nw.gungee.jp/assets/img/stage/small/Shakedent.jpg]
[salmon-learn-nw.gungee.jp/map/index7cf5.html]
[salmon-learn-nw.gungee.jp/assets/img/stage/small/Shakeup.jpg]
[salmon-learn-nw.gungee.jp/assets/img/stage/small/Shakeship.jpg]
[salmon-learn-nw.gungee.jp/maplist/index.html]
[salmon-learn-nw.gungee.jp/map/indexf387.html]
[salmon-learn-nw.gungee.jp/assets/img/link/favicon-spreadsheet.png]
[salmon-learn-nw.gungee.jp/assets/img/link/favicon-wikiwiki.png]
[salmon-learn-nw.gungee.jp/map/index76b3.html]
[salmon-learn-nw.gungee.jp/assets/img/link/favicon-overfishing-wiki.png]
[salmon-learn-nw.gungee.jp/assets/img/link/favicon-overfishing-nw-wiki.png]
[salmon-learn-nw.gungee.jp/assets/img/link/favicon-notion.png]
[salmon-learn-nw.gungee.jp/map/index602c.html]
[salmon-learn-nw.gungee.jp/assets/img/link/favicon-darumaccho.png]
[salmon-learn-nw.gungee.jp/assets/img/link/favicon-nspot.png]
[salmon-learn-nw.gungee.jp/assets/img/link/favicon-appstore.png]
[salmon-learn-nw.gungee.jp/assets/img/link/favicon-googleplay.png]
[salmon-learn-nw.gungee.jp/assets/img/link/favicon-statink.png]
[salmon-learn-nw.gungee.jp/map/indexe803.html]
[salmon-learn-nw.gungee.jp/assets/img/link/favicon-inkipedia.png]
[salmon-learn-nw.gungee.jp/assets/img/link/favicon-monsieur.png]
[salmon-learn-nw.gungee.jp/assets/img/link/favicon-twitter.png]
[salmon-learn-nw.gungee.jp/map/index73ee.html]
[twitter.com/search.214775.delayed]
[salmon-learn-nw.gungee.jp/assets/img/link/favicon-jobscenario.png]
[salmon-learn-nw.gungee.jp/map/index1b33.html]
[salmon-learn-nw.gungee.jp/assets/img/link/favicon-gungeescenario.png]
[salmon-learn-nw.gungee.jp/assets/img/link/favicon-googleform.png]
[salmon-learn-nw.gungee.jp/link/index.html]
[salmon-learn-nw.gungee.jp/assets/img/other/chevron-right.svg]
[salmon-learn-nw.gungee.jp/map/index4d10.html]
[salmon-learn-nw.gungee.jp/map/indexca18.html]
[salmon-learn-nw.gungee.jp/map/index97be.html]
[salmon-learn-nw.gungee.jp/map/index00cd.html]
[salmon-learn-nw.gungee.jp/map/indexb2fa.html]
[salmon-learn-nw.gungee.jp/assets/js/rhill-voronoi-core.min592e.js]
[cdn.jsdelivr.net/npm/lazyload@2.0.0-rc.2/lazyload.min.js]
[salmon-learn-nw.gungee.jp/assets/js/map40b3.js]
[salmon-learn-nw.gungee.jp/assets/img/other/transparent.png]
[salmon-learn-nw.gungee.jp/map/index7cf5.html]
[salmon-learn-nw.gungee.jp/map/indexf387.html]
[salmon-learn-nw.gungee.jp/map/index76b3.html]
[salmon-learn-nw.gungee.jp/map/index602c.html]
[salmon-learn-nw.gungee.jp/map/indexe803.html]
[salmon-learn-nw.gungee.jp/map/index73ee.html]
[salmon-learn-nw.gungee.jp/map/index1b33.html]
[salmon-learn-nw.gungee.jp/map/index4d10.html]
[salmon-learn-nw.gungee.jp/map/indexca18.html]
[salmon-learn-nw.gungee.jp/map/index97be.html]
[salmon-learn-nw.gungee.jp/map/index00cd.html]
[salmon-learn-nw.gungee.jp/map/indexb2fa.html]
